// Jest Snapshot v1, https://goo.gl/fbAQLP

exports[`When I call “increaseSize” with width 2 and values [1,2,9,10], the result is correct 1`] = `
Array [
  0,
  0,
  0,
  0,
  0,
  3,
  11,
  0,
  1,
  11,
  3,
  2,
  0,
  9,
  11,
  10,
  0,
]
`;
