// Jest Snapshot v1, https://goo.gl/fbAQLP

exports[`When I convert a map to a graph the result is correct 1`] = `
Map {
  Object {
    "col": 0,
    "row": 0,
  } => Map {
    Object {
      "col": 1,
      "row": 0,
    } => 1,
  },
  Object {
    "col": 1,
    "row": 0,
  } => Map {
    Object {
      "col": 0,
      "row": 0,
    } => 1,
    Object {
      "col": 2,
      "row": 0,
    } => 1,
    Object {
      "col": 1,
      "row": 1,
    } => 1,
  },
  Object {
    "col": 2,
    "row": 0,
  } => Map {
    Object {
      "col": 1,
      "row": 0,
    } => 1,
    Object {
      "col": 3,
      "row": 0,
    } => 1,
  },
  Object {
    "col": 3,
    "row": 0,
  } => Map {
    Object {
      "col": 2,
      "row": 0,
    } => 1,
    Object {
      "col": 3,
      "row": 1,
    } => 1,
  },
  Object {
    "col": 1,
    "row": 1,
  } => Map {
    Object {
      "col": 1,
      "row": 0,
    } => 1,
    Object {
      "col": 1,
      "row": 2,
    } => 1,
  },
  Object {
    "col": 3,
    "row": 1,
  } => Map {
    Object {
      "col": 3,
      "row": 0,
    } => 1,
    Object {
      "col": 3,
      "row": 2,
    } => 1,
  },
  Object {
    "col": 0,
    "row": 2,
  } => Map {
    Object {
      "col": 0,
      "row": 3,
    } => 1,
    Object {
      "col": 1,
      "row": 2,
    } => 1,
  },
  Object {
    "col": 1,
    "row": 2,
  } => Map {
    Object {
      "col": 0,
      "row": 2,
    } => 1,
    Object {
      "col": 1,
      "row": 1,
    } => 1,
    Object {
      "col": 2,
      "row": 2,
    } => 1,
  },
  Object {
    "col": 2,
    "row": 2,
  } => Map {
    Object {
      "col": 1,
      "row": 2,
    } => 1,
    Object {
      "col": 3,
      "row": 2,
    } => 1,
    Object {
      "col": 2,
      "row": 3,
    } => 1,
  },
  Object {
    "col": 3,
    "row": 2,
  } => Map {
    Object {
      "col": 2,
      "row": 2,
    } => 1,
    Object {
      "col": 3,
      "row": 1,
    } => 1,
  },
  Object {
    "col": 0,
    "row": 3,
  } => Map {
    Object {
      "col": 0,
      "row": 2,
    } => 1,
    Object {
      "col": 1,
      "row": 3,
    } => 1,
  },
  Object {
    "col": 1,
    "row": 3,
  } => Map {
    Object {
      "col": 0,
      "row": 3,
    } => 1,
    Object {
      "col": 2,
      "row": 3,
    } => 1,
  },
  Object {
    "col": 2,
    "row": 3,
  } => Map {
    Object {
      "col": 1,
      "row": 3,
    } => 1,
    Object {
      "col": 2,
      "row": 2,
    } => 1,
  },
}
`;
