// Jest Snapshot v1, https://goo.gl/fbAQLP

exports[`The shortest path between a user and a virus (using abstract game data) is correct 1`] = `
Array [
  "user",
  "b",
  "f",
  "g",
  "h",
  "i",
  "virus",
]
`;

exports[`The shortest path between a user and a virus (using coordinates game data) is correct 1`] = `
Array [
  Object {
    "col": 1,
    "row": 1,
  },
  Object {
    "col": 3,
    "row": 1,
  },
  Object {
    "col": 5,
    "row": 3,
  },
  Object {
    "col": 5,
    "row": 5,
  },
  Object {
    "col": 7,
    "row": 5,
  },
  Object {
    "col": 7,
    "row": 7,
  },
  Object {
    "col": 5,
    "row": 7,
  },
]
`;
